
Memory Configuration

Name             Origin             Length             Attributes
FLASH            0x0000000008000000 0x0000000000100000 xr
SRAM             0x0000000020000000 0x0000000000020000 xrw
*default*        0x0000000000000000 0xffffffffffffffff

Linker script and memory map

LOAD blink.o
LOAD main.o
LOAD startup.o

.text           0x0000000008000000      0x3dc
                0x0000000008000000                _stext_ = .
 *(.ISR)
 .ISR           0x0000000008000000      0x188 startup.o
                0x0000000008000000                Vector
 *(.text)
 .text          0x0000000008000188      0x124 blink.o
                0x0000000008000188                led_init
                0x000000000800021c                turn_on_led
                0x000000000800024c                turn_off_led
                0x000000000800027c                toggle_led
 .text          0x00000000080002ac       0xa0 main.o
                0x00000000080002ac                main
 .text          0x000000000800034c       0x8c startup.o
                0x000000000800034c                RTC_Alarm_IRQHandler
                0x000000000800034c                HASH_RNG_IRQHandler
                0x000000000800034c                EXTI2_IRQHandler
                0x000000000800034c                TIM8_CC_IRQHandler
                0x000000000800034c                DebugMon_Handler
                0x000000000800034c                TIM1_CC_IRQHandler
                0x000000000800034c                DMA2_Stream5_IRQHandler
                0x000000000800034c                HardFault_Handler
                0x000000000800034c                DMA1_Stream5_IRQHandler
                0x000000000800034c                SysTick_Handler
                0x000000000800034c                PVD_IRQHandler
                0x000000000800034c                SDIO_IRQHandler
                0x000000000800034c                TAMP_STAMP_IRQHandler
                0x000000000800034c                PendSV_Handler
                0x000000000800034c                NMI_Handler
                0x000000000800034c                CAN2_RX1_IRQHandler
                0x000000000800034c                EXTI3_IRQHandler
                0x000000000800034c                TIM8_TRG_COM_TIM14_IRQHandler
                0x000000000800034c                TIM1_UP_TIM10_IRQHandler
                0x000000000800034c                TIM8_UP_TIM13_IRQHandler
                0x000000000800034c                I2C3_ER_IRQHandler
                0x000000000800034c                EXTI0_IRQHandler
                0x000000000800034c                I2C2_EV_IRQHandler
                0x000000000800034c                DMA1_Stream2_IRQHandler
                0x000000000800034c                CAN1_RX0_IRQHandler
                0x000000000800034c                FPU_IRQHandler
                0x000000000800034c                OTG_HS_WKUP_IRQHandler
                0x000000000800034c                UsageFault_Handler
                0x000000000800034c                CAN2_SCE_IRQHandler
                0x000000000800034c                DMA2_Stream2_IRQHandler
                0x000000000800034c                SPI1_IRQHandler
                0x000000000800034c                TIM6_DAC_IRQHandler
                0x000000000800034c                TIM1_BRK_TIM9_IRQHandler
                0x000000000800034c                DCMI_IRQHandler
                0x000000000800034c                CAN2_RX0_IRQHandler
                0x000000000800034c                DMA2_Stream3_IRQHandler
                0x000000000800034c                USART6_IRQHandler
                0x000000000800034c                USART3_IRQHandler
                0x000000000800034c                CRYP_IRQHandler
                0x000000000800034c                CAN1_RX1_IRQHandler
                0x000000000800034c                UART5_IRQHandler
                0x000000000800034c                DMA2_Stream0_IRQHandler
                0x000000000800034c                TIM4_IRQHandler
                0x000000000800034c                I2C1_EV_IRQHandler
                0x000000000800034c                DMA1_Stream6_IRQHandler
                0x000000000800034c                DMA1_Stream1_IRQHandler
                0x000000000800034c                UART4_IRQHandler
                0x000000000800034c                TIM3_IRQHandler
                0x000000000800034c                RCC_IRQHandler
                0x000000000800034c                TIM8_BRK_TIM12_IRQHandler
                0x000000000800034c                Default_Handler
                0x000000000800034c                EXTI15_10_IRQHandler
                0x000000000800034c                ADC_IRQHandler
                0x000000000800034c                DMA1_Stream7_IRQHandler
                0x000000000800034c                TIM7_IRQHandler
                0x000000000800034c                CAN2_TX_IRQHandler
                0x000000000800034c                TIM5_IRQHandler
                0x000000000800034c                DMA2_Stream7_IRQHandler
                0x000000000800034c                I2C3_EV_IRQHandler
                0x000000000800034c                EXTI9_5_IRQHandler
                0x000000000800034c                RTC_WKUP_IRQHandler
                0x000000000800034c                ETH_WKUP_IRQHandler
                0x000000000800034c                SPI2_IRQHandler
                0x000000000800034c                OTG_HS_EP1_IN_IRQHandler
                0x000000000800034c                MemManage_Handler
                0x000000000800034c                DMA1_Stream0_IRQHandler
                0x000000000800034c                CAN1_TX_IRQHandler
                0x000000000800034c                SVC_Handler
                0x000000000800034c                EXTI4_IRQHandler
                0x000000000800034c                FSMC_IRQHandler
                0x000000000800034c                ETH_IRQHandler
                0x000000000800034c                OTG_HS_EP1_OUT_IRQHandler
                0x000000000800034c                WWDG_IRQHandler
                0x000000000800034c                TIM2_IRQHandler
                0x000000000800034c                OTG_FS_WKUP_IRQHandler
                0x000000000800034c                TIM1_TRG_COM_TIM11_IRQHandler
                0x000000000800034c                OTG_HS_IRQHandler
                0x000000000800034c                EXTI1_IRQHandler
                0x000000000800034c                USART2_IRQHandler
                0x000000000800034c                I2C2_ER_IRQHandler
                0x000000000800034c                DMA2_Stream1_IRQHandler
                0x000000000800034c                CAN1_SCE_IRQHandler
                0x000000000800034c                FLASH_IRQHandler
                0x000000000800034c                DMA2_Stream4_IRQHandler
                0x000000000800034c                BusFault_Handler
                0x000000000800034c                USART1_IRQHandler
                0x000000000800034c                OTG_FS_IRQHandler
                0x000000000800034c                SPI3_IRQHandler
                0x000000000800034c                DMA1_Stream4_IRQHandler
                0x000000000800034c                I2C1_ER_IRQHandler
                0x000000000800034c                DMA2_Stream6_IRQHandler
                0x000000000800034c                DMA1_Stream3_IRQHandler
                0x0000000008000352                Reset_Handler
 *(.rodata)
 .rodata        0x00000000080003d8        0x4 main.o
                0x00000000080003d8                MAX_COUNT
                0x00000000080003dc                _etext_ = .
                0x00000000080003dc                _lddata = LOADADDR (.data)

.glue_7         0x00000000080003dc        0x0
 .glue_7        0x00000000080003dc        0x0 linker stubs

.glue_7t        0x00000000080003dc        0x0
 .glue_7t       0x00000000080003dc        0x0 linker stubs

.vfp11_veneer   0x00000000080003dc        0x0
 .vfp11_veneer  0x00000000080003dc        0x0 linker stubs

.v4_bx          0x00000000080003dc        0x0
 .v4_bx         0x00000000080003dc        0x0 linker stubs

.iplt           0x00000000080003dc        0x0
 .iplt          0x00000000080003dc        0x0 main.o

.rel.dyn        0x00000000080003dc        0x0
 .rel.iplt      0x00000000080003dc        0x0 main.o

.data           0x0000000020000000        0x4 load address 0x00000000080003dc
                0x0000000020000000                _sdata_ = .
 *(.data)
 .data          0x0000000020000000        0x0 blink.o
 .data          0x0000000020000000        0x3 main.o
                0x0000000020000000                dumpy
                0x0000000020000002                dumpy1
 .data          0x0000000020000003        0x0 startup.o
                0x0000000020000004                . = ALIGN (0x4)
 *fill*         0x0000000020000003        0x1 
                0x0000000020000004                _edata_ = .

.igot.plt       0x0000000020000004        0x0 load address 0x00000000080003e0
 .igot.plt      0x0000000020000004        0x0 main.o

.bss            0x0000000020000004        0x4 load address 0x00000000080003e0
                0x0000000020000004                _sbss_ = .
 *(.bss)
 .bss           0x0000000020000004        0x0 blink.o
 .bss           0x0000000020000004        0x4 main.o
                0x0000000020000004                cycle
 .bss           0x0000000020000008        0x0 startup.o
                0x0000000020000008                _ebss_ = .
OUTPUT(final.elf elf32-littlearm)
LOAD linker stubs

.comment        0x0000000000000000       0x33
 .comment       0x0000000000000000       0x33 blink.o
                                         0x34 (size before relaxing)
 .comment       0x0000000000000033       0x34 main.o
 .comment       0x0000000000000033       0x34 startup.o

.ARM.attributes
                0x0000000000000000       0x2e
 .ARM.attributes
                0x0000000000000000       0x2e blink.o
 .ARM.attributes
                0x000000000000002e       0x2e main.o
 .ARM.attributes
                0x000000000000005c       0x2e startup.o
